// Jest Snapshot v1, https://goo.gl/fbAQLP

exports[`snapshot test 1`] = `
<div
  className="flex flex-column justify-center ma4"
>
  <div
    className="flex flex-column justify-center h4 ba b--dashed b--light-silver"
    onDragLeave={[Function]}
    onDragOver={[Function]}
    onDrop={[Function]}
  >
    <label
      className="self-center pointer b"
      htmlFor="file-picker"
    >
      Drop your file here or click to pick one.
    </label>
    <input
      className="dn"
      id="file-picker"
      multiple={false}
      onChange={[Function]}
      type="file"
    />
  </div>
  <div
    className="flex justify-center mt4 b"
  >
    <input
      checked={true}
      className="mh2"
      name="hash-type"
      onChange={[Function]}
      type="radio"
      value="sha-1"
    />
    SHA-1
    <input
      checked={false}
      className="mh2"
      name="hash-type"
      onChange={[Function]}
      type="radio"
      value="sha-256"
    />
    SHA-256
    <input
      checked={false}
      className="mh2"
      name="hash-type"
      onChange={[Function]}
      type="radio"
      value="sha-384"
    />
    SHA-384
    <input
      checked={false}
      className="mh2"
      name="hash-type"
      onChange={[Function]}
      type="radio"
      value="sha-512"
    />
    SHA-512
  </div>
  
</div>
`;
